// Jest Snapshot v1, https://goo.gl/fbAQLP

exports[`components:styled:SubTimer renders <StyledSubTimer/> correctly 1`] = `
.c0 {
  font-size: 2vw;
}

<p
  className="c0"
/>
`;
