// Jest Snapshot v1, https://goo.gl/fbAQLP

exports[`components:styled:Now renders <Now/> correctly 1`] = `
<StyledNow>
  Now:
   
</StyledNow>
`;
