// Jest Snapshot v1, https://goo.gl/fbAQLP

exports[`components:Breakdown:styled renders <StyledBreakdown/> correctly 1`] = `
.c0 {
  color: #FAA61B;
  font-size: 4vw;
  line-height: 1.5;
  position: fixed;
  bottom: 0;
  left: 0;
  right: 0;
  padding: 1vw;
  text-align: center;
}

<footer
  className="c0"
/>
`;
